09:06:15  WARNING   brother_ql.raster  Trying to switch the operating mode on a printer that doesn't support the command.
09:06:15  WARNING   brother_ql.raster  Trying to switch the operating mode on a printer that doesn't support the command.
09:06:15  WARNING   brother_ql.conversion  Need to resize the image...
09:06:15  INFO      brother_ql.backends.helpers  Sending instructions to the printer. Total: 17999 bytes.
09:06:16  INFO      brother_ql.backends.helpers  Printing was successful. Waiting for the next job.
09:06:16  WARNING   brother_ql.raster  Trying to switch the operating mode on a printer that doesn't support the command.
09:06:16  WARNING   brother_ql.raster  Trying to switch the operating mode on a printer that doesn't support the command.
09:06:16  WARNING   brother_ql.conversion  Need to resize the image...
09:06:16  INFO      brother_ql.backends.helpers  Sending instructions to the printer. Total: 17999 bytes.
09:06:18  INFO      brother_ql.backends.helpers  Printing was successful. Waiting for the next job.
09:06:18  WARNING   brother_ql.raster  Trying to switch the operating mode on a printer that doesn't support the command.
09:06:18  WARNING   brother_ql.raster  Trying to switch the operating mode on a printer that doesn't support the command.
09:06:18  WARNING   brother_ql.conversion  Need to resize the image...
09:06:18  INFO      brother_ql.backends.helpers  Sending instructions to the printer. Total: 17999 bytes.
09:06:20  INFO      brother_ql.backends.helpers  Printing was successful. Waiting for the next job.
09:06:20  WARNING   brother_ql.raster  Trying to switch the operating mode on a printer that doesn't support the command.
09:06:20  WARNING   brother_ql.raster  Trying to switch the operating mode on a printer that doesn't support the command.
09:06:20  WARNING   brother_ql.conversion  Need to resize the image...
09:06:20  INFO      brother_ql.backends.helpers  Sending instructions to the printer. Total: 17999 bytes.
09:06:22  INFO      brother_ql.backends.helpers  Printing was successful. Waiting for the next job.
09:06:22  WARNING   brother_ql.raster  Trying to switch the operating mode on a printer that doesn't support the command.
09:06:22  WARNING   brother_ql.raster  Trying to switch the operating mode on a printer that doesn't support the command.
09:06:22  WARNING   brother_ql.conversion  Need to resize the image...
09:06:22  INFO      brother_ql.backends.helpers  Sending instructions to the printer. Total: 23951 bytes.
09:06:24  INFO      brother_ql.backends.helpers  Printing was successful. Waiting for the next job.
09:06:24  WARNING   brother_ql.raster  Trying to switch the operating mode on a printer that doesn't support the command.
09:06:24  WARNING   brother_ql.raster  Trying to switch the operating mode on a printer that doesn't support the command.
09:06:24  WARNING   brother_ql.conversion  Need to resize the image...
09:06:24  INFO      brother_ql.backends.helpers  Sending instructions to the printer. Total: 23951 bytes.
09:06:26  INFO      brother_ql.backends.helpers  Printing was successful. Waiting for the next job.
10:07:08  INFO      freight_booking  Courier selected: Team Global Express (tge)  price=$113.14
10:07:08  INFO      freight_booking  Starting booking thread for courier 'tge', order '15-14382-17854'
10:07:08  INFO      courier.tge  Booking TGE shipment for order 15-14382-17854
10:07:11  ERROR     freight_booking  Booking failed for 'Team Global Express': TGE manifest request failed: 'ResponseMessages'
